exports[`<Fill /> should render with style \`flex: 1\` 1`] = `
<styled.div>
  <div
    className="fSVTfK">
    Spectacle
  </div>
</styled.div>
`;
