exports[`<Fit /> should render with style \`flex: 0\` 1`] = `
<styled.div>
  <div
    className="fSnuyn">
    Hello
  </div>
</styled.div>
`;
