exports[`<Quote /> should render correctly 1`] = `
<Quote>
  <span
    data-radium={true}
    style={
      Object {
        "color": "#ff0",
      }
    }>
    Hello There!
  </span>
</Quote>
`;
